[sainitravels.com/index.html]
[backblue.gif]
[fade.gif]
[index.html]
[sainitravels.com/index-2.html]
[sainitravels.com/WebResource8a0c.js]
[sainitravels.com/ScriptResource6691.js]
[sainitravels.com/ScriptResource6c1c.js]
[sainitravels.com/ScriptResource1495.js]
[sainitravels.com/agent-sign-in.html]
[sainitravels.com/agent-register.html]
[sainitravels.com/about-saini.html]
[sainitravels.com/My-booking.html]
[sainitravels.com/My-Cancellation.html]
[sainitravels.com/Login.html]
[sainitravels.com/comingsoon.html]
[sainitravels.com/AvailableRoutes.html]
[sainitravels.com/enquiry.html]
[sainitravels.com/our-coverage.html]
[sainitravels.com/BusCharter.html]
[sainitravels.com/news-and-scheme.html]
[sainitravels.com/My-Booking-2.html]
[sainitravels.com/privacy-policy.html]
[sainitravels.com/terms-and-conditions.html]
[sainitravels.com/photo-gallery.html]
[sainitravels.com/ContactUs.html]
[sainitravels.com/FAQ.html]
[sainitravels.com/FLT.html]
[sainitravels.com/index.html]
[sainitravels.com/index-2.html]
[sainitravels.com/WebResource8a0c.js]
[sainitravels.com/ScriptResource6691.js]
[sainitravels.com/ScriptResource6c1c.js]
[sainitravels.com/ScriptResource1495.js]
[sainitravels.com/agent-sign-in.html]
[sainitravels.com/agent-register.html]
[sainitravels.com/about-saini.html]
[sainitravels.com/My-booking.html]
[sainitravels.com/My-Cancellation.html]
[sainitravels.com/Login.html]
[sainitravels.com/comingsoon.html]
[sainitravels.com/AvailableRoutes.html]
[sainitravels.com/enquiry.html]
[sainitravels.com/our-coverage.html]
[sainitravels.com/BusCharter.html]
[sainitravels.com/news-and-scheme.html]
[sainitravels.com/My-Booking-2.html]
[sainitravels.com/privacy-policy.html]
[sainitravels.com/terms-and-conditions.html]
[sainitravels.com/photo-gallery.html]
[sainitravels.com/ContactUs.html]
[sainitravels.com/FAQ.html]
[sainitravels.com/FLT.html]
[sainitravels.com/ScriptResource46b8.axd]
[sainitravels.com/ScriptResource8c89.axd]
[sainitravels.com/ScriptResource071e.axd]
[sainitravels.com/ScriptResource8b29.axd]
[sainitravels.com/ScriptResource1f04.axd]
[sainitravels.com/ScriptResource8d4d.axd]
